exports[`State diagram > should render a state with states in it #0`] = `
<svg
  id="mermaid-1650652053714"
  width="100%"
  xmlns="http://www.w3.org/2000/svg"
  class="statediagram"
  height="149"
  style="max-width: 513.84375px;"
  viewBox="0.5 0 293.625 149"
  role="img"
  aria-labelledby="chart-title-mermaid-1650652053714 chart-desc-mermaid-1650652053714"
>
  <title id="chart-title-mermaid-1650652053714">State diagram</title>
  <desc id="chart-desc-mermaid-1650652053714"></desc>
  <style>
    #mermaid-1650652053714 {
      font-family: courier;
      font-size: 16px;
      fill: #333;
    }
    #mermaid-1650652053714 .error-icon {
      fill: #552222;
    }
    #mermaid-1650652053714 .error-text {
      fill: #552222;
      stroke: #552222;
    }
    #mermaid-1650652053714 .edge-thickness-normal {
      stroke-width: 2px;
    }
    #mermaid-1650652053714 .edge-thickness-thick {
      stroke-width: 3.5px;
    }
    #mermaid-1650652053714 .edge-pattern-solid {
      stroke-dasharray: 0;
    }
    #mermaid-1650652053714 .edge-pattern-dashed {
      stroke-dasharray: 3;
    }
    #mermaid-1650652053714 .edge-pattern-dotted {
      stroke-dasharray: 2;
    }
    #mermaid-1650652053714 .marker {
      fill: #333333;
      stroke: #333333;
    }
    #mermaid-1650652053714 .marker.cross {
      stroke: #333333;
    }
    #mermaid-1650652053714 svg {
      font-family: courier;
      font-size: 16px;
    }
    #mermaid-1650652053714 defs #statediagram-barbEnd {
      fill: #333333;
      stroke: #333333;
    }
    #mermaid-1650652053714 g.stateGroup text {
      fill: #9370db;
      stroke: none;
      font-size: 10px;
    }
    #mermaid-1650652053714 g.stateGroup text {
      fill: #333;
      stroke: none;
      font-size: 10px;
    }
    #mermaid-1650652053714 g.stateGroup .state-title {
      font-weight: bolder;
      fill: #131300;
    }
    #mermaid-1650652053714 g.stateGroup rect {
      fill: #ececff;
      stroke: #9370db;
    }
    #mermaid-1650652053714 g.stateGroup line {
      stroke: #333333;
      stroke-width: 1;
    }
    #mermaid-1650652053714 .transition {
      stroke: #333333;
      stroke-width: 1;
      fill: none;
    }
    #mermaid-1650652053714 .stateGroup .composit {
      fill: white;
      border-bottom: 1px;
    }
    #mermaid-1650652053714 .stateGroup .alt-composit {
      fill: #e0e0e0;
      border-bottom: 1px;
    }
    #mermaid-1650652053714 .state-note {
      stroke: #aaaa33;
      fill: #fff5ad;
    }
    #mermaid-1650652053714 .state-note text {
      fill: black;
      stroke: none;
      font-size: 10px;
    }
    #mermaid-1650652053714 .stateLabel .box {
      stroke: none;
      stroke-width: 0;
      fill: #ececff;
      opacity: 0.5;
    }
    #mermaid-1650652053714 .edgeLabel .label rect {
      fill: #ececff;
      opacity: 0.5;
    }
    #mermaid-1650652053714 .edgeLabel .label text {
      fill: #333;
    }
    #mermaid-1650652053714 .label div .edgeLabel {
      color: #333;
    }
    #mermaid-1650652053714 .stateLabel text {
      fill: #131300;
      font-size: 10px;
      font-weight: bold;
    }
    #mermaid-1650652053714 .node circle.state-start {
      fill: #333333;
      stroke: #333333;
    }
    #mermaid-1650652053714 .node .fork-join {
      fill: #333333;
      stroke: #333333;
    }
    #mermaid-1650652053714 .node circle.state-end {
      fill: #9370db;
      stroke: white;
      stroke-width: 1.5;
    }
    #mermaid-1650652053714 .end-state-inner {
      fill: white;
      stroke-width: 1.5;
    }
    #mermaid-1650652053714 .node rect {
      fill: #ececff;
      stroke: #9370db;
      stroke-width: 1px;
    }
    #mermaid-1650652053714 .node polygon {
      fill: #ececff;
      stroke: #9370db;
      stroke-width: 1px;
    }
    #mermaid-1650652053714 #statediagram-barbEnd {
      fill: #333333;
    }
    #mermaid-1650652053714 .statediagram-cluster rect {
      fill: #ececff;
      stroke: #9370db;
      stroke-width: 1px;
    }
    #mermaid-1650652053714 .cluster-label,
    #mermaid-1650652053714 .nodeLabel {
      color: #131300;
    }
    #mermaid-1650652053714 .statediagram-cluster rect.outer {
      rx: 5px;
      ry: 5px;
    }
    #mermaid-1650652053714 .statediagram-state .divider {
      stroke: #9370db;
    }
    #mermaid-1650652053714 .statediagram-state .title-state {
      rx: 5px;
      ry: 5px;
    }
    #mermaid-1650652053714 .statediagram-cluster.statediagram-cluster .inner {
      fill: white;
    }
    #mermaid-1650652053714
      .statediagram-cluster.statediagram-cluster-alt
      .inner {
      fill: #f0f0f0;
    }
    #mermaid-1650652053714 .statediagram-cluster .inner {
      rx: 0;
      ry: 0;
    }
    #mermaid-1650652053714 .statediagram-state rect.basic {
      rx: 5px;
      ry: 5px;
    }
    #mermaid-1650652053714 .statediagram-state rect.divider {
      stroke-dasharray: 10, 10;
      fill: #f0f0f0;
    }
    #mermaid-1650652053714 .note-edge {
      stroke-dasharray: 5;
    }
    #mermaid-1650652053714 .statediagram-note rect {
      fill: #fff5ad;
      stroke: #aaaa33;
      stroke-width: 1px;
      rx: 0;
      ry: 0;
    }
    #mermaid-1650652053714 .statediagram-note rect {
      fill: #fff5ad;
      stroke: #aaaa33;
      stroke-width: 1px;
      rx: 0;
      ry: 0;
    }
    #mermaid-1650652053714 .statediagram-note text {
      fill: black;
    }
    #mermaid-1650652053714 .statediagram-note .nodeLabel {
      color: black;
    }
    #mermaid-1650652053714 .statediagram .edgeLabel {
      color: red;
    }
    #mermaid-1650652053714 #dependencyStart,
    #mermaid-1650652053714 #dependencyEnd {
      fill: #333333;
      stroke: #333333;
      stroke-width: 1;
    }
    #mermaid-1650652053714 :root {
      --mermaid-font-family: courier;
    }
  </style>
  <g>
    <defs>
      <marker
        id="statediagram-barbEnd"
        refX="19"
        refY="7"
        markerWidth="20"
        markerHeight="14"
        markerUnits="strokeWidth"
        orient="auto"
      >
        <path d="M 19,7 L9,13 L14,7 L9,1 Z"></path>
      </marker>
    </defs>
    <g class="root">
      <g class="clusters"></g>
      <g class="edgePaths"></g>
      <g class="edgeLabels"></g>
      <g class="nodes">
        <g class="root" transform="translate(0.5, 0)">
          <g class="clusters">
            <g
              class="statediagram-state statediagram-cluster"
              id="PersonalizedCockpit"
            >
              <rect
                class="outer"
                x="8"
                y="8"
                width="277.625"
                height="133"
              ></rect>
              <g class="cluster-label" transform="translate(55.59375, 8)">
                <foreignObject width="182.4375" height="18"
                  ><div
                    xmlns="http://www.w3.org/1999/xhtml"
                    style="display: inline-block; white-space: nowrap;"
                  >
                    <span class="nodeLabel">PersonalizedCockpit</span>
                  </div></foreignObject
                >
              </g>
              <rect
                class="inner"
                x="8"
                y="25"
                width="277.625"
                height="112"
              ></rect>
            </g>
          </g>
          <g class="edgePaths"></g>
          <g class="edgeLabels"></g>
          <g class="nodes">
            <g
              class="node statediagram-state"
              id="state-Other-0"
              transform="translate(74.5078125, 74.5)"
            >
              <rect
                class="basic label-container"
                style=""
                x="-31.5078125"
                y="-16.5"
                width="63.015625"
                height="33"
              ></rect>
              <g class="label" style="" transform="translate(-24.0078125, -9)">
                <foreignObject width="48.015625" height="18"
                  ><div
                    xmlns="http://www.w3.org/1999/xhtml"
                    style="display: inline-block; white-space: nowrap;"
                  >
                    <span class="nodeLabel">Other</span>
                  </div></foreignObject
                >
              </g>
            </g>
            <g class="root" transform="translate(148.515625, 25)">
              <g class="clusters">
                <g
                  class="statediagram-state statediagram-cluster statediagram-cluster-alt"
                  id="Parent"
                >
                  <rect
                    class="outer"
                    x="8"
                    y="8"
                    width="94.609375"
                    height="83"
                  ></rect>
                  <g class="cluster-label" transform="translate(26.5, 8)">
                    <foreignObject width="57.609375" height="18"
                      ><div
                        xmlns="http://www.w3.org/1999/xhtml"
                        style="display: inline-block; white-space: nowrap;"
                      >
                        <span class="nodeLabel">Parent</span>
                      </div></foreignObject
                    >
                  </g>
                  <rect
                    class="inner"
                    x="8"
                    y="25"
                    width="94.609375"
                    height="62"
                  ></rect>
                </g>
              </g>
              <g class="edgePaths"></g>
              <g class="edgeLabels"></g>
              <g class="nodes">
                <g
                  class="node statediagram-state"
                  id="state-C-0"
                  transform="translate(55.3046875, 49.5)"
                >
                  <rect
                    class="basic label-container"
                    style=""
                    x="-12.3046875"
                    y="-16.5"
                    width="24.609375"
                    height="33"
                  ></rect>
                  <g
                    class="label"
                    style=""
                    transform="translate(-4.8046875, -9)"
                  >
                    <foreignObject width="9.609375" height="18"
                      ><div
                        xmlns="http://www.w3.org/1999/xhtml"
                        style="display: inline-block; white-space: nowrap;"
                      >
                        <span class="nodeLabel">C</span>
                      </div></foreignObject
                    >
                  </g>
                </g>
              </g>
            </g>
          </g>
        </g>
      </g>
    </g>
  </g>
</svg>
`;
